// Jest Snapshot v1, https://goo.gl/fbAQLP

exports[`<NewStringPage /> should render and match the snapshot 1`] = `
Object {
  "asFragment": [Function],
  "baseElement": <body>
    <div>
      <div>
        <h1>
          Add A New String:
        </h1>
        <div>
          <form>
            <input
              class="Input-sc-6bz4w7-0 fOXpjI"
              data-testid="inputBox"
              name="string"
              placeholder="New String"
              value=""
            />
            <button
              type="submit"
            >
               Submit 
            </button>
          </form>
          <h3>
            LIGHT
             mode
          </h3>
          <button
            type="button"
          >
            Toggle Theme
          </button>
        </div>
        <br />
        <a
          href="/"
        >
           View All Strings 
        </a>
      </div>
    </div>
  </body>,
  "container": <div>
    <div>
      <h1>
        Add A New String:
      </h1>
      <div>
        <form>
          <input
            class="Input-sc-6bz4w7-0 fOXpjI"
            data-testid="inputBox"
            name="string"
            placeholder="New String"
            value=""
          />
          <button
            type="submit"
          >
             Submit 
          </button>
        </form>
        <h3>
          LIGHT
           mode
        </h3>
        <button
          type="button"
        >
          Toggle Theme
        </button>
      </div>
      <br />
      <a
        href="/"
      >
         View All Strings 
      </a>
    </div>
  </div>,
  "debug": [Function],
  "findAllByAltText": [Function],
  "findAllByDisplayValue": [Function],
  "findAllByLabelText": [Function],
  "findAllByPlaceholderText": [Function],
  "findAllByRole": [Function],
  "findAllByTestId": [Function],
  "findAllByText": [Function],
  "findAllByTitle": [Function],
  "findByAltText": [Function],
  "findByDisplayValue": [Function],
  "findByLabelText": [Function],
  "findByPlaceholderText": [Function],
  "findByRole": [Function],
  "findByTestId": [Function],
  "findByText": [Function],
  "findByTitle": [Function],
  "getAllByAltText": [Function],
  "getAllByDisplayValue": [Function],
  "getAllByLabelText": [Function],
  "getAllByPlaceholderText": [Function],
  "getAllByRole": [Function],
  "getAllBySelectText": [Function],
  "getAllByTestId": [Function],
  "getAllByText": [Function],
  "getAllByTitle": [Function],
  "getAllByValue": [Function],
  "getByAltText": [Function],
  "getByDisplayValue": [Function],
  "getByLabelText": [Function],
  "getByPlaceholderText": [Function],
  "getByRole": [Function],
  "getBySelectText": [Function],
  "getByTestId": [Function],
  "getByText": [Function],
  "getByTitle": [Function],
  "getByValue": [Function],
  "queryAllByAltText": [Function],
  "queryAllByDisplayValue": [Function],
  "queryAllByLabelText": [Function],
  "queryAllByPlaceholderText": [Function],
  "queryAllByRole": [Function],
  "queryAllBySelectText": [Function],
  "queryAllByTestId": [Function],
  "queryAllByText": [Function],
  "queryAllByTitle": [Function],
  "queryAllByValue": [Function],
  "queryByAltText": [Function],
  "queryByDisplayValue": [Function],
  "queryByLabelText": [Function],
  "queryByPlaceholderText": [Function],
  "queryByRole": [Function],
  "queryBySelectText": [Function],
  "queryByTestId": [Function],
  "queryByText": [Function],
  "queryByTitle": [Function],
  "queryByValue": [Function],
  "rerender": [Function],
  "unmount": [Function],
}
`;
